// Vitest Snapshot v1, https://vitest.dev/guide/snapshot.html

exports[`basic plan 1`] = `
{
  "1": [
    "let",
    42,
  ],
  "13": [
    "map",
    [
      3,
    ],
    5,
  ],
  "2": [
    "call",
    [
      0,
      "getUserById",
    ],
    1,
  ],
  "3": [
    "call",
    [
      0,
      "getUsers",
    ],
  ],
  "4": [
    "get",
    3,
    "0",
  ],
  "5": {
    "frame": {
      "11": [
        "map",
        [
          6,
          "friends",
        ],
        8,
      ],
      "12": [
        "let",
        {
          "info": {
            "friends": [
              11,
            ],
            "id": [
              7,
            ],
          },
        },
      ],
      "7": [
        "get",
        6,
        "id",
      ],
      "8": {
        "frame": {
          "10": [
            "call",
            [
              0,
              "getUserById",
            ],
            9,
          ],
        },
        "outputs": [
          10,
        ],
        "params": [
          9,
        ],
      },
    },
    "outputs": [
      12,
    ],
    "params": [
      6,
    ],
  },
}
`;
